2026-05-27 23:47:01,495 - INFO - Pipeline started.
2026-05-27 23:47:01,610 - INFO - Data extraction completed.
2026-05-27 23:47:01,645 - INFO - Data transformation completed.
2026-05-27 23:47:01,645 - INFO - API response validation passed.
2026-05-27 23:47:01,645 - INFO - Schema validation passed.
2026-05-27 23:47:01,675 - INFO - Null value validation passed.
2026-05-27 23:47:01,681 - INFO - Range validation passed.
2026-05-27 23:47:01,690 - INFO - Duplicate check completed.
2026-05-27 23:47:01,690 - INFO - All validation checks completed successfully.
2026-05-27 23:47:01,690 - INFO - Data validation completed.
2026-05-27 23:47:01,706 - INFO - Processed CSV saved.
2026-05-27 23:47:05,229 - INFO - Data loaded into SQL Server warehouse.
2026-05-27 23:47:05,264 - INFO - Daily report generated.
2026-05-27 23:47:06,706 - INFO - Telegram alert sent.
2026-05-27 23:47:06,706 - INFO - Pipeline completed successfully.
2026-05-27 23:47:43,840 - INFO - Pipeline started.
2026-05-27 23:47:43,933 - INFO - Data extraction completed.
2026-05-27 23:47:43,960 - INFO - Data transformation completed.
2026-05-27 23:47:43,960 - INFO - API response validation passed.
2026-05-27 23:47:43,960 - INFO - Schema validation passed.
2026-05-27 23:47:43,965 - INFO - Null value validation passed.
2026-05-27 23:47:43,965 - INFO - Range validation passed.
2026-05-27 23:47:43,965 - INFO - Duplicate check completed.
2026-05-27 23:47:43,965 - INFO - All validation checks completed successfully.
2026-05-27 23:47:43,965 - INFO - Data validation completed.
2026-05-27 23:47:43,980 - INFO - Processed CSV saved.
2026-05-27 23:47:47,455 - INFO - Data loaded into SQL Server warehouse.
2026-05-27 23:47:47,466 - INFO - Daily report generated.
2026-05-27 23:47:48,476 - INFO - Telegram alert sent.
2026-05-27 23:47:48,476 - INFO - Pipeline completed successfully.
2026-05-27 23:54:04,585 - INFO - Pipeline started.
2026-05-27 23:54:04,834 - INFO - Data extraction completed.
2026-05-27 23:54:04,852 - INFO - Data transformation completed.
2026-05-27 23:54:04,852 - INFO - API response validation passed.
2026-05-27 23:54:04,852 - INFO - Schema validation passed.
2026-05-27 23:54:04,870 - INFO - Null value validation passed.
2026-05-27 23:54:04,870 - INFO - Range validation passed.
2026-05-27 23:54:04,870 - INFO - Duplicate check completed.
2026-05-27 23:54:04,870 - INFO - All validation checks completed successfully.
2026-05-27 23:54:04,870 - INFO - Data validation completed.
2026-05-27 23:54:04,894 - INFO - Processed CSV saved.
2026-05-27 23:54:08,230 - INFO - Data loaded into SQL Server warehouse.
2026-05-27 23:54:08,244 - INFO - Daily report generated.
2026-05-27 23:54:09,256 - INFO - Telegram alert sent.
2026-05-27 23:54:09,256 - INFO - Pipeline completed successfully.
2026-05-31 18:31:17,123 - INFO - Pipeline started.
2026-05-31 18:31:17,426 - INFO - Data extraction completed.
2026-05-31 18:31:17,500 - INFO - Data transformation completed.
2026-05-31 18:31:17,500 - INFO - API response validation passed.
2026-05-31 18:31:17,500 - INFO - Schema validation passed.
2026-05-31 18:31:17,526 - INFO - Null value validation passed.
2026-05-31 18:31:17,533 - INFO - Range validation passed.
2026-05-31 18:31:17,544 - INFO - Duplicate check completed.
2026-05-31 18:31:17,544 - INFO - All validation checks completed successfully.
2026-05-31 18:31:17,545 - INFO - Data validation completed.
2026-05-31 18:31:17,576 - INFO - Processed CSV saved.
2026-05-31 18:31:23,456 - INFO - Data loaded into SQL Server warehouse.
2026-05-31 18:31:23,477 - INFO - Daily report generated.
2026-05-31 18:31:25,353 - INFO - Telegram alert sent.
2026-05-31 18:31:25,354 - INFO - Pipeline completed successfully.
2026-06-02 17:33:04,851 - INFO - Pipeline started.
2026-06-02 17:33:06,977 - ERROR - Pipeline failed: HTTPConnectionPool(host='127.0.0.1', port=8000): Max retries exceeded with url: /lab-results (Caused by NewConnectionError("HTTPConnection(host='127.0.0.1', port=8000): Failed to establish a new connection: [WinError 10061] No connection could be made because the target machine actively refused it"))
2026-06-02 17:37:29,292 - INFO - Pipeline started.
2026-06-02 17:37:29,684 - INFO - Data extraction completed.
2026-06-02 17:37:29,794 - INFO - Data transformation completed.
2026-06-02 17:37:29,794 - INFO - API response validation passed.
2026-06-02 17:37:29,794 - INFO - Schema validation passed.
2026-06-02 17:37:29,818 - INFO - Null value validation passed.
2026-06-02 17:37:29,828 - INFO - Range validation passed.
2026-06-02 17:37:29,840 - INFO - Duplicate check completed.
2026-06-02 17:37:29,841 - INFO - All validation checks completed successfully.
2026-06-02 17:37:29,841 - INFO - Data validation completed.
2026-06-02 17:37:29,883 - INFO - Processed CSV saved.
2026-06-02 17:38:05,646 - INFO - Data loaded into SQL Server warehouse.
2026-06-02 17:38:05,744 - INFO - Daily report generated.
2026-06-02 17:38:31,398 - INFO - Telegram alert sent.
2026-06-02 17:38:31,398 - INFO - Pipeline completed successfully.
2026-06-02 21:16:22,078 - INFO - Pipeline started.
2026-06-02 21:16:22,310 - INFO - Data extraction completed.
2026-06-02 21:16:22,366 - INFO - Data transformation completed.
2026-06-02 21:16:22,366 - INFO - API response validation passed.
2026-06-02 21:16:22,366 - INFO - Schema validation passed.
2026-06-02 21:16:22,369 - INFO - Null value validation passed.
2026-06-02 21:16:22,385 - INFO - Range validation passed.
2026-06-02 21:16:22,385 - INFO - Duplicate check completed.
2026-06-02 21:16:22,385 - INFO - All validation checks completed successfully.
2026-06-02 21:16:22,385 - INFO - Data validation completed.
2026-06-02 21:16:22,406 - INFO - Processed CSV saved.
2026-06-02 21:16:32,567 - INFO - Data loaded into SQL Server warehouse.
2026-06-02 21:16:32,597 - INFO - Daily report generated.
2026-06-02 21:16:34,529 - INFO - Telegram alert sent.
2026-06-02 21:16:34,529 - INFO - Pipeline completed successfully.
2026-06-03 19:44:58,936 - INFO - Pipeline started.
2026-06-03 19:45:01,418 - ERROR - Pipeline failed: HTTPConnectionPool(host='127.0.0.1', port=8000): Max retries exceeded with url: /lab-results (Caused by NewConnectionError("HTTPConnection(host='127.0.0.1', port=8000): Failed to establish a new connection: [WinError 10061] No connection could be made because the target machine actively refused it"))
2026-06-03 19:59:54,134 - INFO - Pipeline started.
2026-06-03 19:59:56,316 - ERROR - Pipeline failed: HTTPConnectionPool(host='127.0.0.1', port=8000): Max retries exceeded with url: /lab-results (Caused by NewConnectionError("HTTPConnection(host='127.0.0.1', port=8000): Failed to establish a new connection: [WinError 10061] No connection could be made because the target machine actively refused it"))
2026-06-03 21:35:20,524 - INFO - Pipeline started.
2026-06-03 21:35:20,734 - INFO - Data extraction completed.
2026-06-03 21:35:20,778 - INFO - Data transformation completed.
2026-06-03 21:35:20,778 - INFO - API response validation passed.
2026-06-03 21:35:20,778 - INFO - Schema validation passed.
2026-06-03 21:35:20,795 - INFO - Null value validation passed.
2026-06-03 21:35:20,799 - INFO - Range validation passed.
2026-06-03 21:35:20,799 - INFO - Duplicate check completed.
2026-06-03 21:35:20,799 - INFO - All validation checks completed successfully.
2026-06-03 21:35:20,799 - INFO - Data validation completed.
2026-06-03 21:35:20,821 - INFO - Processed CSV saved.
2026-06-03 21:35:25,906 - INFO - Data loaded into SQL Server warehouse.
2026-06-03 21:35:25,918 - INFO - Daily report generated.
2026-06-03 21:35:27,312 - INFO - Telegram alert sent.
2026-06-03 21:35:27,312 - INFO - Pipeline completed successfully.
